// Vitest Snapshot v1

exports[`test GifGridItem > should GifGridItem correctly 1`] = `
<div
  className="card animate__animated animate__fadeIn"
>
  <p>
    test title
  </p>
  <img
    alt="test title"
    src="http://localhost/algo.jpg"
  />
</div>
`;
